Starting server with Python 3.12 (Standard Mode)...
DEBUG: CORS_ORIGINS configured as: ['http://localhost:3000', 'http://127.0.0.1:3000']
DEBUG: Application starting up and initializing DB
2026-02-05 23:20:03,579 INFO sqlalchemy.engine.Engine BEGIN (implicit)
2026-02-05 23:20:03,590 INFO sqlalchemy.engine.Engine PRAGMA main.table_info("users")
2026-02-05 23:20:03,598 INFO sqlalchemy.engine.Engine [raw sql] ()
2026-02-05 23:20:03,632 INFO sqlalchemy.engine.Engine PRAGMA main.table_info("todos")
2026-02-05 23:20:03,640 INFO sqlalchemy.engine.Engine [raw sql] ()
2026-02-05 23:20:03,648 INFO sqlalchemy.engine.Engine PRAGMA main.table_info("task")
2026-02-05 23:20:03,656 INFO sqlalchemy.engine.Engine [raw sql] ()
2026-02-05 23:20:03,662 INFO sqlalchemy.engine.Engine PRAGMA main.table_info("conversation")
2026-02-05 23:20:03,667 INFO sqlalchemy.engine.Engine [raw sql] ()
2026-02-05 23:20:03,673 INFO sqlalchemy.engine.Engine PRAGMA main.table_info("message")
2026-02-05 23:20:03,678 INFO sqlalchemy.engine.Engine [raw sql] ()
2026-02-05 23:20:03,684 INFO sqlalchemy.engine.Engine COMMIT
 DEBUG: init_db completed successfully
DEBUG: Root endpoint hit - MARKER: 99999
INFO:     127.0.0.1:52653 - "GET / HTTP/1.1" 200 OK
DEBUG: CORS_ORIGINS configured as: ['http://localhost:3000', 'http://127.0.0.1:3000']
DEBUG: Application starting up and initializing DB
2026-02-05 23:23:54,546 INFO sqlalchemy.engine.Engine BEGIN (implicit)
2026-02-05 23:23:54,549 INFO sqlalchemy.engine.Engine PRAGMA main.table_info("users")
2026-02-05 23:23:54,552 INFO sqlalchemy.engine.Engine [raw sql] ()
2026-02-05 23:23:54,557 INFO sqlalchemy.engine.Engine PRAGMA main.table_info("todos")
2026-02-05 23:23:54,563 INFO sqlalchemy.engine.Engine [raw sql] ()
2026-02-05 23:23:54,569 INFO sqlalchemy.engine.Engine PRAGMA main.table_info("task")
2026-02-05 23:23:54,572 INFO sqlalchemy.engine.Engine [raw sql] ()
2026-02-05 23:23:54,577 INFO sqlalchemy.engine.Engine PRAGMA main.table_info("conversation")
2026-02-05 23:23:54,580 INFO sqlalchemy.engine.Engine [raw sql] ()
2026-02-05 23:23:54,585 INFO sqlalchemy.engine.Engine PRAGMA main.table_info("message")
2026-02-05 23:23:54,589 INFO sqlalchemy.engine.Engine [raw sql] ()
2026-02-05 23:23:54,600 INFO sqlalchemy.engine.Engine COMMIT
DEBUG: init_db completed successfully
DEBUG: Root endpoint hit - MARKER: 99999
INFO:     127.0.0.1:50665 - "GET / HTTP/1.1" 200 OK
DEBUG: Root endpoint hit - MARKER: 99999
INFO:     127.0.0.1:51819 - "GET / HTTP/1.1" 200 OK
