Traceback (most recent call last):
  File "C:\Users\azeem\OneDrive\Desktop\evolution of to doapp\evolution-of-todo\backend\run_server.py", line 98, in <module>
    uvicorn.run("app.main:app", host="127.0.0.1", port=8000, reload=False)
    ~~~~~~~~~~~^^^^^^^^^^^^^^^^^^^^^^^^^^^^^^^^^^^^^^^^^^^^^^^^^^^^^^^^^^^
  File "C:\Users\azeem\OneDrive\Desktop\evolution of to doapp\evolution-of-todo\backend\venv\Lib\site-packages\uvicorn\main.py", line 594, in run
    server.run()
    ~~~~~~~~~~^^
  File "C:\Users\azeem\OneDrive\Desktop\evolution of to doapp\evolution-of-todo\backend\venv\Lib\site-packages\uvicorn\server.py", line 67, in run
    return asyncio_run(self.serve(sockets=sockets), loop_factory=self.config.get_loop_factory())
  File "C:\Users\azeem\AppData\Local\Programs\Python\Python314\Lib\asyncio\runners.py", line 204, in run
    return runner.run(main)
           ~~~~~~~~~~^^^^^^
  File "C:\Users\azeem\AppData\Local\Programs\Python\Python314\Lib\asyncio\runners.py", line 127, in run
    return self._loop.run_until_complete(task)
           ~~~~~~~~~~~~~~~~~~~~~~~~~~~~~^^^^^^
  File "C:\Users\azeem\AppData\Local\Programs\Python\Python314\Lib\asyncio\base_events.py", line 719, in run_until_complete
    return future.result()
           ~~~~~~~~~~~~~^^
  File "C:\Users\azeem\OneDrive\Desktop\evolution of to doapp\evolution-of-todo\backend\venv\Lib\site-packages\uvicorn\server.py", line 71, in serve
    await self._serve(sockets)
  File "C:\Users\azeem\OneDrive\Desktop\evolution of to doapp\evolution-of-todo\backend\venv\Lib\site-packages\uvicorn\server.py", line 78, in _serve
    config.load()
    ~~~~~~~~~~~^^
  File "C:\Users\azeem\OneDrive\Desktop\evolution of to doapp\evolution-of-todo\backend\venv\Lib\site-packages\uvicorn\config.py", line 439, in load
    self.loaded_app = import_from_string(self.app)
                      ~~~~~~~~~~~~~~~~~~^^^^^^^^^^
  File "C:\Users\azeem\OneDrive\Desktop\evolution of to doapp\evolution-of-todo\backend\venv\Lib\site-packages\uvicorn\importer.py", line 19, in import_from_string
    module = importlib.import_module(module_str)
  File "C:\Users\azeem\AppData\Local\Programs\Python\Python314\Lib\importlib\__init__.py", line 88, in import_module
    return _bootstrap._gcd_import(name[level:], package, level)
           ~~~~~~~~~~~~~~~~~~~~~~^^^^^^^^^^^^^^^^^^^^^^^^^^^^^^
  File "<frozen importlib._bootstrap>", line 1398, in _gcd_import
  File "<frozen importlib._bootstrap>", line 1371, in _find_and_load
  File "<frozen importlib._bootstrap>", line 1342, in _find_and_load_unlocked
  File "<frozen importlib._bootstrap>", line 938, in _load_unlocked
  File "<frozen importlib._bootstrap_external>", line 762, in exec_module
  File "<frozen importlib._bootstrap>", line 491, in _call_with_frames_removed
  File "C:\Users\azeem\OneDrive\Desktop\evolution of to doapp\evolution-of-todo\backend\app\main.py", line 4, in <module>
    from fastapi import FastAPI, Request
  File "C:\Users\azeem\OneDrive\Desktop\evolution of to doapp\evolution-of-todo\backend\venv\Lib\site-packages\fastapi\__init__.py", line 7, in <module>
    from .applications import FastAPI as FastAPI
  File "C:\Users\azeem\OneDrive\Desktop\evolution of to doapp\evolution-of-todo\backend\venv\Lib\site-packages\fastapi\applications.py", line 13, in <module>
    from fastapi import routing
  File "C:\Users\azeem\OneDrive\Desktop\evolution of to doapp\evolution-of-todo\backend\venv\Lib\site-packages\fastapi\routing.py", line 24, in <module>
    from fastapi import params
  File "C:\Users\azeem\OneDrive\Desktop\evolution of to doapp\evolution-of-todo\backend\venv\Lib\site-packages\fastapi\params.py", line 8, in <module>
    from fastapi.openapi.models import Example
  File "C:\Users\azeem\OneDrive\Desktop\evolution of to doapp\evolution-of-todo\backend\venv\Lib\site-packages\fastapi\openapi\models.py", line 61, in <module>
    class Contact(BaseModelWithConfig):
    ...<2 lines>...
        email: Optional[EmailStr] = None
  File "C:\Users\azeem\OneDrive\Desktop\evolution of to doapp\evolution-of-todo\backend\venv\Lib\site-packages\pydantic\_internal\_model_construction.py", line 132, in __new__
    private_attributes = inspect_namespace(
        namespace, raw_annotations, config_wrapper.ignored_types, class_vars, base_field_names
    )
  File "C:\Users\azeem\OneDrive\Desktop\evolution of to doapp\evolution-of-todo\backend\venv\Lib\site-packages\pydantic\_internal\_model_construction.py", line 481, in inspect_namespace
    raise PydanticUserError(
    ...<4 lines>...
    )
pydantic.errors.PydanticUserError: A non-annotated attribute was detected: `name = None`. All model fields require a type annotation; if `name` is not meant to be a field, you may be able to resolve this error by annotating it as a `ClassVar` or updating `model_config['ignored_types']`.

For further information visit https://errors.pydantic.dev/2.12/u/model-field-missing-annotation
