PATCHING: Wrapping typing._eval_type for compatibility
Starting server with Python 3.14 compatibility patch...
C:\Users\azeem\OneDrive\Desktop\evolution of to doapp\evolution-of-todo\backend\run_server.py:15: DeprecationWarning: Failing to pass a value to the 'type_params' parameter of 'typing._eval_type' is deprecated, as it leads to incorrect behaviour when calling typing._eval_type on a stringified annotation that references a PEP 695 type parameter. It will be disallowed in Python 3.15.
  return original_eval_type(*args, **kwargs)
C:\Users\azeem\OneDrive\Desktop\evolution of to doapp\evolution-of-todo\backend\run_server.py:15: DeprecationWarning: Failing to pass a value to the 'type_params' parameter of 'typing._eval_type' is deprecated, as it leads to incorrect behaviour when calling typing._eval_type on a stringified annotation that references a PEP 695 type parameter. It will be disallowed in Python 3.15.
  return original_eval_type(*args, **kwargs)
C:\Users\azeem\OneDrive\Desktop\evolution of to doapp\evolution-of-todo\backend\run_server.py:15: DeprecationWarning: Failing to pass a value to the 'type_params' parameter of 'typing._eval_type' is deprecated, as it leads to incorrect behaviour when calling typing._eval_type on a stringified annotation that references a PEP 695 type parameter. It will be disallowed in Python 3.15.
  return original_eval_type(*args, **kwargs)
C:\Users\azeem\OneDrive\Desktop\evolution of to doapp\evolution-of-todo\backend\run_server.py:15: DeprecationWarning: Failing to pass a value to the 'type_params' parameter of 'typing._eval_type' is deprecated, as it leads to incorrect behaviour when calling typing._eval_type on a stringified annotation that references a PEP 695 type parameter. It will be disallowed in Python 3.15.
  return original_eval_type(*args, **kwargs)
DEBUG: CORS_ORIGINS configured as: ['http://localhost:3000', 'http://127.0.0.1:3000']
INFO:     Started server process [18696]
INFO:     Waiting for application startup.
DEBUG: Application starting up and initializing DB
2026-01-31 00:20:18,909 INFO sqlalchemy.engine.Engine BEGIN (implicit)
BEGIN (implicit)
2026-01-31 00:20:18,910 INFO sqlalchemy.engine.Engine PRAGMA main.table_info("users")
PRAGMA main.table_info("users")
2026-01-31 00:20:18,910 INFO sqlalchemy.engine.Engine [raw sql] ()
[raw sql] ()
2026-01-31 00:20:18,924 INFO sqlalchemy.engine.Engine PRAGMA main.table_info("todos")
PRAGMA main.table_info("todos")
2026-01-31 00:20:18,924 INFO sqlalchemy.engine.Engine [raw sql] ()
[raw sql] ()
2026-01-31 00:20:18,926 INFO sqlalchemy.engine.Engine PRAGMA main.table_info("task")
PRAGMA main.table_info("task")
2026-01-31 00:20:18,926 INFO sqlalchemy.engine.Engine [raw sql] ()
[raw sql] ()
2026-01-31 00:20:18,927 INFO sqlalchemy.engine.Engine PRAGMA main.table_info("conversation")
PRAGMA main.table_info("conversation")
2026-01-31 00:20:18,928 INFO sqlalchemy.engine.Engine [raw sql] ()
[raw sql] ()
2026-01-31 00:20:18,947 INFO sqlalchemy.engine.Engine PRAGMA main.table_info("message")
PRAGMA main.table_info("message")
2026-01-31 00:20:18,948 INFO sqlalchemy.engine.Engine [raw sql] ()
[raw sql] ()
2026-01-31 00:20:18,949 INFO sqlalchemy.engine.Engine COMMIT
COMMIT
INFO:     Application startup complete.
INFO:     Uvicorn running on http://127.0.0.1:8000 (Press CTRL+C to quit)
DEBUG: Root endpoint hit
INFO:     127.0.0.1:53394 - "GET / HTTP/1.1" 200 OK
INFO:     127.0.0.1:53394 - "GET /favicon.ico HTTP/1.1" 404 Not Found
